Archive member included to satisfy reference by file (symbol)

c:/st/stm32cubeide_1.9.0/stm32cubeide/plugins/com.st.stm32cube.ide.mcu.externaltools.gnu-tools-for-stm32.10.3-2021.10.win32_1.0.0.202111181127/tools/bin/../lib/gcc/arm-none-eabi/10.3.1/../../../../arm-none-eabi/lib/thumb/v7-m/nofp\libc_nano.a(lib_a-errno.o)
                              ./Core/Src/syscalls.o (__errno)
c:/st/stm32cubeide_1.9.0/stm32cubeide/plugins/com.st.stm32cube.ide.mcu.externaltools.gnu-tools-for-stm32.10.3-2021.10.win32_1.0.0.202111181127/tools/bin/../lib/gcc/arm-none-eabi/10.3.1/../../../../arm-none-eabi/lib/thumb/v7-m/nofp\libc_nano.a(lib_a-exit.o)
                              c:/st/stm32cubeide_1.9.0/stm32cubeide/plugins/com.st.stm32cube.ide.mcu.externaltools.gnu-tools-for-stm32.10.3-2021.10.win32_1.0.0.202111181127/tools/bin/../lib/gcc/arm-none-eabi/10.3.1/../../../../arm-none-eabi/lib/thumb/v7-m/nofp/crt0.o (exit)
c:/st/stm32cubeide_1.9.0/stm32cubeide/plugins/com.st.stm32cube.ide.mcu.externaltools.gnu-tools-for-stm32.10.3-2021.10.win32_1.0.0.202111181127/tools/bin/../lib/gcc/arm-none-eabi/10.3.1/../../../../arm-none-eabi/lib/thumb/v7-m/nofp\libc_nano.a(lib_a-impure.o)
                              c:/st/stm32cubeide_1.9.0/stm32cubeide/plugins/com.st.stm32cube.ide.mcu.externaltools.gnu-tools-for-stm32.10.3-2021.10.win32_1.0.0.202111181127/tools/bin/../lib/gcc/arm-none-eabi/10.3.1/../../../../arm-none-eabi/lib/thumb/v7-m/nofp\libc_nano.a(lib_a-exit.o) (_global_impure_ptr)
c:/st/stm32cubeide_1.9.0/stm32cubeide/plugins/com.st.stm32cube.ide.mcu.externaltools.gnu-tools-for-stm32.10.3-2021.10.win32_1.0.0.202111181127/tools/bin/../lib/gcc/arm-none-eabi/10.3.1/../../../../arm-none-eabi/lib/thumb/v7-m/nofp\libc_nano.a(lib_a-init.o)
                              c:/st/stm32cubeide_1.9.0/stm32cubeide/plugins/com.st.stm32cube.ide.mcu.externaltools.gnu-tools-for-stm32.10.3-2021.10.win32_1.0.0.202111181127/tools/bin/../lib/gcc/arm-none-eabi/10.3.1/../../../../arm-none-eabi/lib/thumb/v7-m/nofp/crt0.o (__libc_init_array)
c:/st/stm32cubeide_1.9.0/stm32cubeide/plugins/com.st.stm32cube.ide.mcu.externaltools.gnu-tools-for-stm32.10.3-2021.10.win32_1.0.0.202111181127/tools/bin/../lib/gcc/arm-none-eabi/10.3.1/../../../../arm-none-eabi/lib/thumb/v7-m/nofp\libc_nano.a(lib_a-memset.o)
                              c:/st/stm32cubeide_1.9.0/stm32cubeide/plugins/com.st.stm32cube.ide.mcu.externaltools.gnu-tools-for-stm32.10.3-2021.10.win32_1.0.0.202111181127/tools/bin/../lib/gcc/arm-none-eabi/10.3.1/../../../../arm-none-eabi/lib/thumb/v7-m/nofp/crt0.o (memset)

Allocating common symbols
Common symbol       size              file

_xstart             0x1               ./Core/Src/GFX_FUNCTIONS.o
_colstart           0x1               ./Core/Src/GFX_FUNCTIONS.o
cursor_y            0x2               ./Core/Src/GFX_FUNCTIONS.o
uwTick              0x4               ./Drivers/STM32F1xx_HAL_Driver/Src/stm32f1xx_hal.o
pFlash              0x20              ./Drivers/STM32F1xx_HAL_Driver/Src/stm32f1xx_hal_flash.o
_ystart             0x1               ./Core/Src/GFX_FUNCTIONS.o
_rowstart           0x1               ./Core/Src/GFX_FUNCTIONS.o
rotation            0x1               ./Core/Src/GFX_FUNCTIONS.o
_width              0x2               ./Core/Src/GFX_FUNCTIONS.o
hspi1               0x58              ./Core/Src/main.o
cursor_x            0x2               ./Core/Src/GFX_FUNCTIONS.o
_height             0x2               ./Core/Src/GFX_FUNCTIONS.o

Discarded input sections

 .text          0x0000000000000000        0x0 c:/st/stm32cubeide_1.9.0/stm32cubeide/plugins/com.st.stm32cube.ide.mcu.externaltools.gnu-tools-for-stm32.10.3-2021.10.win32_1.0.0.202111181127/tools/bin/../lib/gcc/arm-none-eabi/10.3.1/thumb/v7-m/nofp/crti.o
 .data          0x0000000000000000        0x0 c:/st/stm32cubeide_1.9.0/stm32cubeide/plugins/com.st.stm32cube.ide.mcu.externaltools.gnu-tools-for-stm32.10.3-2021.10.win32_1.0.0.202111181127/tools/bin/../lib/gcc/arm-none-eabi/10.3.1/thumb/v7-m/nofp/crti.o
 .bss           0x0000000000000000        0x0 c:/st/stm32cubeide_1.9.0/stm32cubeide/plugins/com.st.stm32cube.ide.mcu.externaltools.gnu-tools-for-stm32.10.3-2021.10.win32_1.0.0.202111181127/tools/bin/../lib/gcc/arm-none-eabi/10.3.1/thumb/v7-m/nofp/crti.o
 .data          0x0000000000000000        0x4 c:/st/stm32cubeide_1.9.0/stm32cubeide/plugins/com.st.stm32cube.ide.mcu.externaltools.gnu-tools-for-stm32.10.3-2021.10.win32_1.0.0.202111181127/tools/bin/../lib/gcc/arm-none-eabi/10.3.1/thumb/v7-m/nofp/crtbegin.o
 .rodata        0x0000000000000000       0x24 c:/st/stm32cubeide_1.9.0/stm32cubeide/plugins/com.st.stm32cube.ide.mcu.externaltools.gnu-tools-for-stm32.10.3-2021.10.win32_1.0.0.202111181127/tools/bin/../lib/gcc/arm-none-eabi/10.3.1/thumb/v7-m/nofp/crtbegin.o
[...]
Memory Configuration

Name             Origin             Length             Attributes
RAM              0x0000000020000000 0x0000000000005000 xrw
FLASH            0x0000000008000000 0x0000000000010000 xr
*default*        0x0000000000000000 0xffffffffffffffff

Linker script and memory map

LOAD c:/st/stm32cubeide_1.9.0/stm32cubeide/plugins/com.st.stm32cube.ide.mcu.externaltools.gnu-tools-for-stm32.10.3-2021.10.win32_1.0.0.202111181127/tools/bin/../lib/gcc/arm-none-eabi/10.3.1/thumb/v7-m/nofp/crti.o
LOAD c:/st/stm32cubeide_1.9.0/stm32cubeide/plugins/com.st.stm32cube.ide.mcu.externaltools.gnu-tools-for-stm32.10.3-2021.10.win32_1.0.0.202111181127/tools/bin/../lib/gcc/arm-none-eabi/10.3.1/thumb/v7-m/nofp/crtbegin.o
LOAD c:/st/stm32cubeide_1.9.0/stm32cubeide/plugins/com.st.stm32cube.ide.mcu.externaltools.gnu-tools-for-stm32.10.3-2021.10.win32_1.0.0.202111181127/tools/bin/../lib/gcc/arm-none-eabi/10.3.1/../../../../arm-none-eabi/lib/thumb/v7-m/nofp/crt0.o
LOAD ./Core/Src/GFX_FUNCTIONS.o
LOAD ./Core/Src/ST7735.o
LOAD ./Core/Src/fonts.o
LOAD ./Core/Src/main.o
LOAD ./Core/Src/stm32f1xx_hal_msp.o
LOAD ./Core/Src/stm32f1xx_it.o
LOAD ./Core/Src/syscalls.o
LOAD ./Core/Src/sysmem.o
LOAD ./Core/Src/system_stm32f1xx.o
LOAD ./Core/Startup/startup_stm32f103c8tx.o
LOAD ./Drivers/STM32F1xx_HAL_Driver/Src/stm32f1xx_hal.o
LOAD ./Drivers/STM32F1xx_HAL_Driver/Src/stm32f1xx_hal_cortex.o
LOAD ./Drivers/STM32F1xx_HAL_Driver/Src/stm32f1xx_hal_dma.o
LOAD ./Drivers/STM32F1xx_HAL_Driver/Src/stm32f1xx_hal_exti.o
LOAD ./Drivers/STM32F1xx_HAL_Driver/Src/stm32f1xx_hal_flash.o
LOAD ./Drivers/STM32F1xx_HAL_Driver/Src/stm32f1xx_hal_flash_ex.o
LOAD ./Drivers/STM32F1xx_HAL_Driver/Src/stm32f1xx_hal_gpio.o
LOAD ./Drivers/STM32F1xx_HAL_Driver/Src/stm32f1xx_hal_gpio_ex.o
LOAD ./Drivers/STM32F1xx_HAL_Driver/Src/stm32f1xx_hal_pwr.o
LOAD ./Drivers/STM32F1xx_HAL_Driver/Src/stm32f1xx_hal_rcc.o
LOAD ./Drivers/STM32F1xx_HAL_Driver/Src/stm32f1xx_hal_rcc_ex.o
LOAD ./Drivers/STM32F1xx_HAL_Driver/Src/stm32f1xx_hal_spi.o
LOAD ./Drivers/STM32F1xx_HAL_Driver/Src/stm32f1xx_hal_tim.o
LOAD ./Drivers/STM32F1xx_HAL_Driver/Src/stm32f1xx_hal_tim_ex.o
START GROUP
LOAD c:/st/stm32cubeide_1.9.0/stm32cubeide/plugins/com.st.stm32cube.ide.mcu.externaltools.gnu-tools-for-stm32.10.3-2021.10.win32_1.0.0.202111181127/tools/bin/../lib/gcc/arm-none-eabi/10.3.1/../../../../arm-none-eabi/lib/thumb/v7-m/nofp\libc_nano.a
LOAD c:/st/stm32cubeide_1.9.0/stm32cubeide/plugins/com.st.stm32cube.ide.mcu.externaltools.gnu-tools-for-stm32.10.3-2021.10.win32_1.0.0.202111181127/tools/bin/../lib/gcc/arm-none-eabi/10.3.1/../../../../arm-none-eabi/lib/thumb/v7-m/nofp\libm.a
END GROUP
START GROUP
LOAD c:/st/stm32cubeide_1.9.0/stm32cubeide/plugins/com.st.stm32cube.ide.mcu.externaltools.gnu-tools-for-stm32.10.3-2021.10.win32_1.0.0.202111181127/tools/bin/../lib/gcc/arm-none-eabi/10.3.1/thumb/v7-m/nofp\libgcc.a
LOAD c:/st/stm32cubeide_1.9.0/stm32cubeide/plugins/com.st.stm32cube.ide.mcu.externaltools.gnu-tools-for-stm32.10.3-2021.10.win32_1.0.0.202111181127/tools/bin/../lib/gcc/arm-none-eabi/10.3.1/../../../../arm-none-eabi/lib/thumb/v7-m/nofp\libc_nano.a
END GROUP
START GROUP
LOAD c:/st/stm32cubeide_1.9.0/stm32cubeide/plugins/com.st.stm32cube.ide.mcu.externaltools.gnu-tools-for-stm32.10.3-2021.10.win32_1.0.0.202111181127/tools/bin/../lib/gcc/arm-none-eabi/10.3.1/thumb/v7-m/nofp\libgcc.a
LOAD c:/st/stm32cubeide_1.9.0/stm32cubeide/plugins/com.st.stm32cube.ide.mcu.externaltools.gnu-tools-for-stm32.10.3-2021.10.win32_1.0.0.202111181127/tools/bin/../lib/gcc/arm-none-eabi/10.3.1/../../../../arm-none-eabi/lib/thumb/v7-m/nofp\libc_nano.a
LOAD c:/st/stm32cubeide_1.9.0/stm32cubeide/plugins/com.st.stm32cube.ide.mcu.externaltools.gnu-tools-for-stm32.10.3-2021.10.win32_1.0.0.202111181127/tools/bin/../lib/gcc/arm-none-eabi/10.3.1/../../../../arm-none-eabi/lib/thumb/v7-m/nofp\libnosys.a
END GROUP
START GROUP
LOAD c:/st/stm32cubeide_1.9.0/stm32cubeide/plugins/com.st.stm32cube.ide.mcu.externaltools.gnu-tools-for-stm32.10.3-2021.10.win32_1.0.0.202111181127/tools/bin/../lib/gcc/arm-none-eabi/10.3.1/thumb/v7-m/nofp\libgcc.a
LOAD c:/st/stm32cubeide_1.9.0/stm32cubeide/plugins/com.st.stm32cube.ide.mcu.externaltools.gnu-tools-for-stm32.10.3-2021.10.win32_1.0.0.202111181127/tools/bin/../lib/gcc/arm-none-eabi/10.3.1/../../../../arm-none-eabi/lib/thumb/v7-m/nofp\libc_nano.a
LOAD c:/st/stm32cubeide_1.9.0/stm32cubeide/plugins/com.st.stm32cube.ide.mcu.externaltools.gnu-tools-for-stm32.10.3-2021.10.win32_1.0.0.202111181127/tools/bin/../lib/gcc/arm-none-eabi/10.3.1/../../../../arm-none-eabi/lib/thumb/v7-m/nofp\libnosys.a
END GROUP
LOAD c:/st/stm32cubeide_1.9.0/stm32cubeide/plugins/com.st.stm32cube.ide.mcu.externaltools.gnu-tools-for-stm32.10.3-2021.10.win32_1.0.0.202111181127/tools/bin/../lib/gcc/arm-none-eabi/10.3.1/thumb/v7-m/nofp/crtend.o
LOAD c:/st/stm32cubeide_1.9.0/stm32cubeide/plugins/com.st.stm32cube.ide.mcu.externaltools.gnu-tools-for-stm32.10.3-2021.10.win32_1.0.0.202111181127/tools/bin/../lib/gcc/arm-none-eabi/10.3.1/thumb/v7-m/nofp/crtn.o
                0x0000000020005000                _estack = (ORIGIN (RAM) + LENGTH (RAM))
                0x0000000000000200                _Min_Heap_Size = 0x200
                0x0000000000000400                _Min_Stack_Size = 0x400

.isr_vector     0x0000000008000000      0x10c
                0x0000000008000000                . = ALIGN (0x4)
 *(.isr_vector)
 .isr_vector    0x0000000008000000      0x10c ./Core/Startup/startup_stm32f103c8tx.o
                0x0000000008000000                g_pfnVectors
                0x000000000800010c                . = ALIGN (0x4)

.text           0x000000000800010c     0x35b8
                0x000000000800010c                . = ALIGN (0x4)
 *(.text)
 .text          0x000000000800010c       0x40 c:/st/stm32cubeide_1.9.0/stm32cubeide/plugins/com.st.stm32cube.ide.mcu.externaltools.gnu-tools-for-stm32.10.3-2021.10.win32_1.0.0.202111181127/tools/bin/../lib/gcc/arm-none-eabi/10.3.1/thumb/v7-m/nofp/crtbegin.o
 *(.text*)
 .text.drawPixel
                0x000000000800014c       0x26 ./Core/Src/GFX_FUNCTIONS.o
                0x000000000800014c                drawPixel
 .text.fillRect
                0x0000000008000172       0x38 ./Core/Src/GFX_FUNCTIONS.o
                0x0000000008000172                fillRect
 .text.writePixel
                0x00000000080001aa       0x2a ./Core/Src/GFX_FUNCTIONS.o
                0x00000000080001aa                writePixel
 .text.writeLine
                0x00000000080001d4      0x144 ./Core/Src/GFX_FUNCTIONS.o
                0x00000000080001d4                writeLine
 .text.drawFastVLine
                0x0000000008000318       0x4a ./Core/Src/GFX_FUNCTIONS.o
                0x0000000008000318                drawFastVLine
 .text.drawFastHLine
                0x0000000008000362       0x4a ./Core/Src/GFX_FUNCTIONS.o
                0x0000000008000362                drawFastHLine
 .text.drawLine
                0x00000000080003ac       0xc4 ./Core/Src/GFX_FUNCTIONS.o
                0x00000000080003ac                drawLine
 .text.drawCircle
                0x0000000008000470      0x1d8 ./Core/Src/GFX_FUNCTIONS.o
                0x0000000008000470                drawCircle
 .text.drawCircleHelper
                0x0000000008000648      0x1a8 ./Core/Src/GFX_FUNCTIONS.o
                0x0000000008000648                drawCircleHelper
 .text.fillCircleHelper
                0x00000000080007f0      0x19c ./Core/Src/GFX_FUNCTIONS.o
                0x00000000080007f0                fillCircleHelper
 .text.fillCircle
                0x000000000800098c       0x60 ./Core/Src/GFX_FUNCTIONS.o
                0x000000000800098c                fillCircle
 .text.drawRect
                0x00000000080009ec       0x82 ./Core/Src/GFX_FUNCTIONS.o
                0x00000000080009ec                drawRect
 .text.drawRoundRect
                0x0000000008000a6e      0x19a ./Core/Src/GFX_FUNCTIONS.o
                0x0000000008000a6e                drawRoundRect
 .text.fillRoundRect
                0x0000000008000c08       0xf2 ./Core/Src/GFX_FUNCTIONS.o
                0x0000000008000c08                fillRoundRect
 .text.drawTriangle
                0x0000000008000cfa       0x74 ./Core/Src/GFX_FUNCTIONS.o
                0x0000000008000cfa                drawTriangle
 .text.fillTriangle
                0x0000000008000d6e      0x2be ./Core/Src/GFX_FUNCTIONS.o
                0x0000000008000d6e                fillTriangle
 .text.fillScreen
                0x000000000800102c       0x34 ./Core/Src/GFX_FUNCTIONS.o
                0x000000000800102c                fillScreen
 .text.testLines
                0x0000000008001060      0x204 ./Core/Src/GFX_FUNCTIONS.o
                0x0000000008001060                testLines
 .text.testFastLines
                0x0000000008001264       0x80 ./Core/Src/GFX_FUNCTIONS.o
                0x0000000008001264                testFastLines
 .text.testRects
                0x00000000080012e4       0xa4 ./Core/Src/GFX_FUNCTIONS.o
                0x00000000080012e4                testRects
 .text.testFilledRects
                0x0000000008001388       0xdc ./Core/Src/GFX_FUNCTIONS.o
                0x0000000008001388                testFilledRects
 .text.testFilledCircles
                0x0000000008001464       0x7c ./Core/Src/GFX_FUNCTIONS.o
                0x0000000008001464                testFilledCircles
 .text.testCircles
                0x00000000080014e0       0x84 ./Core/Src/GFX_FUNCTIONS.o
                0x00000000080014e0                testCircles
 .text.testTriangles
                0x0000000008001564       0xc8 ./Core/Src/GFX_FUNCTIONS.o
                0x0000000008001564                testTriangles
 .text.testFilledTriangles
                0x000000000800162c      0x15c ./Core/Src/GFX_FUNCTIONS.o
                0x000000000800162c                testFilledTriangles
 .text.testRoundRects
                0x0000000008001788       0xdc ./Core/Src/GFX_FUNCTIONS.o
                0x0000000008001788                testRoundRects
 .text.testFilledRoundRects
                0x0000000008001864       0xe8 ./Core/Src/GFX_FUNCTIONS.o
                0x0000000008001864                testFilledRoundRects
 .text.testFillScreen
                0x000000000800194c       0x2a ./Core/Src/GFX_FUNCTIONS.o
                0x000000000800194c                testFillScreen
 .text.testAll  0x0000000008001976       0x56 ./Core/Src/GFX_FUNCTIONS.o
                0x0000000008001976                testAll
 .text.ST7735_Select
                0x00000000080019cc       0x18 ./Core/Src/ST7735.o
                0x00000000080019cc                ST7735_Select
 .text.ST7735_Unselect
                0x00000000080019e4       0x18 ./Core/Src/ST7735.o
                0x00000000080019e4                ST7735_Unselect
 .text.ST7735_Reset
                0x00000000080019fc       0x28 ./Core/Src/ST7735.o
                0x00000000080019fc                ST7735_Reset
 .text.ST7735_WriteCommand
                0x0000000008001a24       0x34 ./Core/Src/ST7735.o
                0x0000000008001a24                ST7735_WriteCommand
 .text.ST7735_WriteData
                0x0000000008001a58       0x34 ./Core/Src/ST7735.o
                0x0000000008001a58                ST7735_WriteData
 .text.DisplayInit
                0x0000000008001a8c       0x92 ./Core/Src/ST7735.o
                0x0000000008001a8c                DisplayInit
 *fill*         0x0000000008001b1e        0x2 
 .text.ST7735_SetAddressWindow
                0x0000000008001b20       0x90 ./Core/Src/ST7735.o
                0x0000000008001b20                ST7735_SetAddressWindow
 .text.ST7735_Init
                0x0000000008001bb0       0x58 ./Core/Src/ST7735.o
                0x0000000008001bb0                ST7735_Init
 .text.ST7735_SetRotation
                0x0000000008001c08      0x100 ./Core/Src/ST7735.o
                0x0000000008001c08                ST7735_SetRotation
 .text.ST7735_DrawPixel
                0x0000000008001d08       0x7c ./Core/Src/ST7735.o
                0x0000000008001d08                ST7735_DrawPixel
 .text.ST7735_WriteChar
                0x0000000008001d84       0xee ./Core/Src/ST7735.o
                0x0000000008001d84                ST7735_WriteChar
 *fill*         0x0000000008001e72        0x2 
 .text.ST7735_WriteString
                0x0000000008001e74       0xa8 ./Core/Src/ST7735.o
                0x0000000008001e74                ST7735_WriteString
 .text.ST7735_FillRectangle
                0x0000000008001f1c      0x110 ./Core/Src/ST7735.o
                0x0000000008001f1c                ST7735_FillRectangle
 .text.main     0x000000000800202c       0x5c ./Core/Src/main.o
                0x000000000800202c                main
 .text.SystemClock_Config
                0x0000000008002088       0x8a ./Core/Src/main.o
                0x0000000008002088                SystemClock_Config
 *fill*         0x0000000008002112        0x2 
 .text.MX_SPI1_Init
                0x0000000008002114       0x70 ./Core/Src/main.o
 .text.MX_GPIO_Init
                0x0000000008002184       0x94 ./Core/Src/main.o
 .text.Error_Handler
                0x0000000008002218        0xa ./Core/Src/main.o
                0x0000000008002218                Error_Handler
 *fill*         0x0000000008002222        0x2 
 .text.HAL_MspInit
                0x0000000008002224       0x64 ./Core/Src/stm32f1xx_hal_msp.o
                0x0000000008002224                HAL_MspInit
 .text.HAL_SPI_MspInit
                0x0000000008002288       0x7c ./Core/Src/stm32f1xx_hal_msp.o
                0x0000000008002288                HAL_SPI_MspInit
 .text.NMI_Handler
                0x0000000008002304        0x6 ./Core/Src/stm32f1xx_it.o
                0x0000000008002304                NMI_Handler
 .text.HardFault_Handler
                0x000000000800230a        0x6 ./Core/Src/stm32f1xx_it.o
                0x000000000800230a                HardFault_Handler
 .text.MemManage_Handler
                0x0000000008002310        0x6 ./Core/Src/stm32f1xx_it.o
                0x0000000008002310                MemManage_Handler
 .text.BusFault_Handler
                0x0000000008002316        0x6 ./Core/Src/stm32f1xx_it.o
                0x0000000008002316                BusFault_Handler
 .text.UsageFault_Handler
                0x000000000800231c        0x6 ./Core/Src/stm32f1xx_it.o
                0x000000000800231c                UsageFault_Handler
 .text.SVC_Handler
                0x0000000008002322        0xc ./Core/Src/stm32f1xx_it.o
                0x0000000008002322                SVC_Handler
 .text.DebugMon_Handler
                0x000000000800232e        0xc ./Core/Src/stm32f1xx_it.o
                0x000000000800232e                DebugMon_Handler
 .text.PendSV_Handler
                0x000000000800233a        0xc ./Core/Src/stm32f1xx_it.o
                0x000000000800233a                PendSV_Handler
 .text.SysTick_Handler
                0x0000000008002346        0xc ./Core/Src/stm32f1xx_it.o
                0x0000000008002346                SysTick_Handler
 .text.SystemInit
                0x0000000008002352        0xc ./Core/Src/system_stm32f1xx.o
                0x0000000008002352                SystemInit
 *fill*         0x000000000800235e        0x2 
 .text.Reset_Handler
                0x0000000008002360       0x48 ./Core/Startup/startup_stm32f103c8tx.o
                0x0000000008002360                Reset_Handler
 .text.Default_Handler
                0x00000000080023a8        0x2 ./Core/Startup/startup_stm32f103c8tx.o
                0x00000000080023a8                RTC_Alarm_IRQHandler
                0x00000000080023a8                EXTI2_IRQHandler
                0x00000000080023a8                TIM1_CC_IRQHandler
                0x00000000080023a8                PVD_IRQHandler
                0x00000000080023a8                EXTI3_IRQHandler
                0x00000000080023a8                EXTI0_IRQHandler
                0x00000000080023a8                I2C2_EV_IRQHandler
                0x00000000080023a8                ADC1_2_IRQHandler
                0x00000000080023a8                SPI1_IRQHandler
                0x00000000080023a8                TAMPER_IRQHandler
                0x00000000080023a8                DMA1_Channel4_IRQHandler
                0x00000000080023a8                USART3_IRQHandler
                0x00000000080023a8                RTC_IRQHandler
                0x00000000080023a8                DMA1_Channel7_IRQHandler
                0x00000000080023a8                CAN1_RX1_IRQHandler
                0x00000000080023a8                TIM4_IRQHandler
                0x00000000080023a8                I2C1_EV_IRQHandler
                0x00000000080023a8                DMA1_Channel6_IRQHandler
                0x00000000080023a8                TIM3_IRQHandler
                0x00000000080023a8                RCC_IRQHandler
                0x00000000080023a8                TIM1_TRG_COM_IRQHandler
                0x00000000080023a8                DMA1_Channel1_IRQHandler
                0x00000000080023a8                Default_Handler
                0x00000000080023a8                EXTI15_10_IRQHandler
                0x00000000080023a8                EXTI9_5_IRQHandler
                0x00000000080023a8                SPI2_IRQHandler
                0x00000000080023a8                DMA1_Channel5_IRQHandler
                0x00000000080023a8                EXTI4_IRQHandler
                0x00000000080023a8                USB_LP_CAN1_RX0_IRQHandler
                0x00000000080023a8                USB_HP_CAN1_TX_IRQHandler
                0x00000000080023a8                DMA1_Channel3_IRQHandler
                0x00000000080023a8                TIM1_UP_IRQHandler
                0x00000000080023a8                WWDG_IRQHandler
                0x00000000080023a8                TIM2_IRQHandler
                0x00000000080023a8                TIM1_BRK_IRQHandler
                0x00000000080023a8                EXTI1_IRQHandler
                0x00000000080023a8                USART2_IRQHandler
                0x00000000080023a8                I2C2_ER_IRQHandler
                0x00000000080023a8                DMA1_Channel2_IRQHandler
                0x00000000080023a8                CAN1_SCE_IRQHandler
                0x00000000080023a8                FLASH_IRQHandler
                0x00000000080023a8                USART1_IRQHandler
                0x00000000080023a8                I2C1_ER_IRQHandler
                0x00000000080023a8                USBWakeUp_IRQHandler
 *fill*         0x00000000080023aa        0x2 
 .text.HAL_Init
                0x00000000080023ac       0x2c ./Drivers/STM32F1xx_HAL_Driver/Src/stm32f1xx_hal.o
                0x00000000080023ac                HAL_Init
 .text.HAL_InitTick
                0x00000000080023d8       0x60 ./Drivers/STM32F1xx_HAL_Driver/Src/stm32f1xx_hal.o
                0x00000000080023d8                HAL_InitTick
 .text.HAL_IncTick
                0x0000000008002438       0x24 ./Drivers/STM32F1xx_HAL_Driver/Src/stm32f1xx_hal.o
                0x0000000008002438                HAL_IncTick
 .text.HAL_GetTick
                0x000000000800245c       0x14 ./Drivers/STM32F1xx_HAL_Driver/Src/stm32f1xx_hal.o
                0x000000000800245c                HAL_GetTick
 .text.HAL_Delay
                0x0000000008002470       0x48 ./Drivers/STM32F1xx_HAL_Driver/Src/stm32f1xx_hal.o
                0x0000000008002470                HAL_Delay
 .text.__NVIC_SetPriorityGrouping
                0x00000000080024b8       0x48 ./Drivers/STM32F1xx_HAL_Driver/Src/stm32f1xx_hal_cortex.o
 .text.__NVIC_GetPriorityGrouping
                0x0000000008002500       0x1c ./Drivers/STM32F1xx_HAL_Driver/Src/stm32f1xx_hal_cortex.o
 .text.__NVIC_SetPriority
                0x000000000800251c       0x54 ./Drivers/STM32F1xx_HAL_Driver/Src/stm32f1xx_hal_cortex.o
 .text.NVIC_EncodePriority
                0x0000000008002570       0x64 ./Drivers/STM32F1xx_HAL_Driver/Src/stm32f1xx_hal_cortex.o
 .text.SysTick_Config
                0x00000000080025d4       0x44 ./Drivers/STM32F1xx_HAL_Driver/Src/stm32f1xx_hal_cortex.o
 .text.HAL_NVIC_SetPriorityGrouping
                0x0000000008002618       0x16 ./Drivers/STM32F1xx_HAL_Driver/Src/stm32f1xx_hal_cortex.o
                0x0000000008002618                HAL_NVIC_SetPriorityGrouping
 .text.HAL_NVIC_SetPriority
                0x000000000800262e       0x38 ./Drivers/STM32F1xx_HAL_Driver/Src/stm32f1xx_hal_cortex.o
                0x000000000800262e                HAL_NVIC_SetPriority
 .text.HAL_SYSTICK_Config
                0x0000000008002666       0x18 ./Drivers/STM32F1xx_HAL_Driver/Src/stm32f1xx_hal_cortex.o
                0x0000000008002666                HAL_SYSTICK_Config
 *fill*         0x000000000800267e        0x2 
 .text.HAL_GPIO_Init
                0x0000000008002680      0x308 ./Drivers/STM32F1xx_HAL_Driver/Src/stm32f1xx_hal_gpio.o
                0x0000000008002680                HAL_GPIO_Init
 .text.HAL_GPIO_WritePin
                0x0000000008002988       0x30 ./Drivers/STM32F1xx_HAL_Driver/Src/stm32f1xx_hal_gpio.o
                0x0000000008002988                HAL_GPIO_WritePin
 .text.HAL_RCC_OscConfig
                0x00000000080029b8      0x504 ./Drivers/STM32F1xx_HAL_Driver/Src/stm32f1xx_hal_rcc.o
                0x00000000080029b8                HAL_RCC_OscConfig
 .text.HAL_RCC_ClockConfig
                0x0000000008002ebc      0x1d4 ./Drivers/STM32F1xx_HAL_Driver/Src/stm32f1xx_hal_rcc.o
                0x0000000008002ebc                HAL_RCC_ClockConfig
 .text.HAL_RCC_GetSysClockFreq
                0x0000000008003090       0xbc ./Drivers/STM32F1xx_HAL_Driver/Src/stm32f1xx_hal_rcc.o
                0x0000000008003090                HAL_RCC_GetSysClockFreq
 .text.RCC_Delay
                0x000000000800314c       0x3c ./Drivers/STM32F1xx_HAL_Driver/Src/stm32f1xx_hal_rcc.o
 .text.HAL_SPI_Init
                0x0000000008003188      0x108 ./Drivers/STM32F1xx_HAL_Driver/Src/stm32f1xx_hal_spi.o
                0x0000000008003188                HAL_SPI_Init
 .text.HAL_SPI_Transmit
                0x0000000008003290      0x278 ./Drivers/STM32F1xx_HAL_Driver/Src/stm32f1xx_hal_spi.o
                0x0000000008003290                HAL_SPI_Transmit
 .text.SPI_WaitFlagStateUntilTimeout
                0x0000000008003508      0x110 ./Drivers/STM32F1xx_HAL_Driver/Src/stm32f1xx_hal_spi.o
 .text.SPI_EndRxTxTransaction
                0x0000000008003618       0x3c ./Drivers/STM32F1xx_HAL_Driver/Src/stm32f1xx_hal_spi.o
 .text.__libc_init_array
                0x0000000008003654       0x48 c:/st/stm32cubeide_1.9.0/stm32cubeide/plugins/com.st.stm32cube.ide.mcu.externaltools.gnu-tools-for-stm32.10.3-2021.10.win32_1.0.0.202111181127/tools/bin/../lib/gcc/arm-none-eabi/10.3.1/../../../../arm-none-eabi/lib/thumb/v7-m/nofp\libc_nano.a(lib_a-init.o)
                0x0000000008003654                __libc_init_array
 .text.memset   0x000000000800369c       0x10 c:/st/stm32cubeide_1.9.0/stm32cubeide/plugins/com.st.stm32cube.ide.mcu.externaltools.gnu-tools-for-stm32.10.3-2021.10.win32_1.0.0.202111181127/tools/bin/../lib/gcc/arm-none-eabi/10.3.1/../../../../arm-none-eabi/lib/thumb/v7-m/nofp\libc_nano.a(lib_a-memset.o)
                0x000000000800369c                memset
 *(.glue_7)
 .glue_7        0x00000000080036ac        0x0 linker stubs
 *(.glue_7t)
 .glue_7t       0x00000000080036ac        0x0 linker stubs
 *(.eh_frame)
 .eh_frame      0x00000000080036ac        0x0 c:/st/stm32cubeide_1.9.0/stm32cubeide/plugins/com.st.stm32cube.ide.mcu.externaltools.gnu-tools-for-stm32.10.3-2021.10.win32_1.0.0.202111181127/tools/bin/../lib/gcc/arm-none-eabi/10.3.1/thumb/v7-m/nofp/crtbegin.o
 *(.init)
 .init          0x00000000080036ac        0x4 c:/st/stm32cubeide_1.9.0/stm32cubeide/plugins/com.st.stm32cube.ide.mcu.externaltools.gnu-tools-for-stm32.10.3-2021.10.win32_1.0.0.202111181127/tools/bin/../lib/gcc/arm-none-eabi/10.3.1/thumb/v7-m/nofp/crti.o
                0x00000000080036ac                _init
 .init          0x00000000080036b0        0x8 c:/st/stm32cubeide_1.9.0/stm32cubeide/plugins/com.st.stm32cube.ide.mcu.externaltools.gnu-tools-for-stm32.10.3-2021.10.win32_1.0.0.202111181127/tools/bin/../lib/gcc/arm-none-eabi/10.3.1/thumb/v7-m/nofp/crtn.o
 *(.fini)
 .fini          0x00000000080036b8        0x4 c:/st/stm32cubeide_1.9.0/stm32cubeide/plugins/com.st.stm32cube.ide.mcu.externaltools.gnu-tools-for-stm32.10.3-2021.10.win32_1.0.0.202111181127/tools/bin/../lib/gcc/arm-none-eabi/10.3.1/thumb/v7-m/nofp/crti.o
                0x00000000080036b8                _fini
 .fini          0x00000000080036bc        0x8 c:/st/stm32cubeide_1.9.0/stm32cubeide/plugins/com.st.stm32cube.ide.mcu.externaltools.gnu-tools-for-stm32.10.3-2021.10.win32_1.0.0.202111181127/tools/bin/../lib/gcc/arm-none-eabi/10.3.1/thumb/v7-m/nofp/crtn.o
                0x00000000080036c4                . = ALIGN (0x4)
                0x00000000080036c4                _etext = .

.vfp11_veneer   0x00000000080036c4        0x0
 .vfp11_veneer  0x00000000080036c4        0x0 linker stubs

.v4_bx          0x00000000080036c4        0x0
 .v4_bx         0x00000000080036c4        0x0 linker stubs

.iplt           0x00000000080036c4        0x0
 .iplt          0x00000000080036c4        0x0 c:/st/stm32cubeide_1.9.0/stm32cubeide/plugins/com.st.stm32cube.ide.mcu.externaltools.gnu-tools-for-stm32.10.3-2021.10.win32_1.0.0.202111181127/tools/bin/../lib/gcc/arm-none-eabi/10.3.1/thumb/v7-m/nofp/crtbegin.o

.rodata         0x00000000080036c4      0xdfc
                0x00000000080036c4                . = ALIGN (0x4)
 *(.rodata)
 .rodata        0x00000000080036c4        0x9 ./Core/Src/main.o
 *fill*         0x00000000080036cd        0x3 
 .rodata        0x00000000080036d0       0x10 ./Drivers/STM32F1xx_HAL_Driver/Src/stm32f1xx_hal_rcc.o
 *(.rodata*)
 .rodata.init_cmds1
                0x00000000080036e0       0x38 ./Core/Src/ST7735.o
                0x00000000080036e0                init_cmds1
 .rodata.init_cmds2
                0x0000000008003718        0xd ./Core/Src/ST7735.o
                0x0000000008003718                init_cmds2
 *fill*         0x0000000008003725        0x3 
 .rodata.init_cmds3
                0x0000000008003728       0x2b ./Core/Src/ST7735.o
                0x0000000008003728                init_cmds3
 *fill*         0x0000000008003753        0x1 
 .rodata.Font11x18
                0x0000000008003754      0xd5c ./Core/Src/fonts.o
 .rodata.AHBPrescTable
                0x00000000080044b0       0x10 ./Core/Src/system_stm32f1xx.o
                0x00000000080044b0                AHBPrescTable
                0x00000000080044c0                . = ALIGN (0x4)

.rel.dyn        0x00000000080044c0        0x0
 .rel.iplt      0x00000000080044c0        0x0 c:/st/stm32cubeide_1.9.0/stm32cubeide/plugins/com.st.stm32cube.ide.mcu.externaltools.gnu-tools-for-stm32.10.3-2021.10.win32_1.0.0.202111181127/tools/bin/../lib/gcc/arm-none-eabi/10.3.1/thumb/v7-m/nofp/crtbegin.o

.ARM.extab      0x00000000080044c0        0x0
                0x00000000080044c0                . = ALIGN (0x4)
 *(.ARM.extab* .gnu.linkonce.armextab.*)
                0x00000000080044c0                . = ALIGN (0x4)

.ARM            0x00000000080044c0        0x0
                0x00000000080044c0                . = ALIGN (0x4)
                0x00000000080044c0                __exidx_start = .
 *(.ARM.exidx*)
                0x00000000080044c0                __exidx_end = .
                0x00000000080044c0                . = ALIGN (0x4)

.preinit_array  0x00000000080044c0        0x0
                0x00000000080044c0                . = ALIGN (0x4)
                0x00000000080044c0                PROVIDE (__preinit_array_start = .)
 *(.preinit_array*)
                0x00000000080044c0                PROVIDE (__preinit_array_end = .)
                0x00000000080044c0                . = ALIGN (0x4)

.init_array     0x00000000080044c0        0x4
                0x00000000080044c0                . = ALIGN (0x4)
                0x00000000080044c0                PROVIDE (__init_array_start = .)
 *(SORT_BY_NAME(.init_array.*))
 *(.init_array*)
 .init_array    0x00000000080044c0        0x4 c:/st/stm32cubeide_1.9.0/stm32cubeide/plugins/com.st.stm32cube.ide.mcu.externaltools.gnu-tools-for-stm32.10.3-2021.10.win32_1.0.0.202111181127/tools/bin/../lib/gcc/arm-none-eabi/10.3.1/thumb/v7-m/nofp/crtbegin.o
                0x00000000080044c4                PROVIDE (__init_array_end = .)
                0x00000000080044c4                . = ALIGN (0x4)

.fini_array     0x00000000080044c4        0x4
                0x00000000080044c4                . = ALIGN (0x4)
                [!provide]                        PROVIDE (__fini_array_start = .)
 *(SORT_BY_NAME(.fini_array.*))
 *(.fini_array*)
 .fini_array    0x00000000080044c4        0x4 c:/st/stm32cubeide_1.9.0/stm32cubeide/plugins/com.st.stm32cube.ide.mcu.externaltools.gnu-tools-for-stm32.10.3-2021.10.win32_1.0.0.202111181127/tools/bin/../lib/gcc/arm-none-eabi/10.3.1/thumb/v7-m/nofp/crtbegin.o
                [!provide]                        PROVIDE (__fini_array_end = .)
                0x00000000080044c8                . = ALIGN (0x4)
                0x00000000080044c8                _sidata = LOADADDR (.data)

.data           0x0000000020000000       0x14 load address 0x00000000080044c8
                0x0000000020000000                . = ALIGN (0x4)
                0x0000000020000000                _sdata = .
 *(.data)
 *(.data*)
 .data.Font_11x18
                0x0000000020000000        0x8 ./Core/Src/fonts.o
                0x0000000020000000                Font_11x18
 .data.SystemCoreClock
                0x0000000020000008        0x4 ./Core/Src/system_stm32f1xx.o
                0x0000000020000008                SystemCoreClock
 .data.uwTickPrio
                0x000000002000000c        0x4 ./Drivers/STM32F1xx_HAL_Driver/Src/stm32f1xx_hal.o
                0x000000002000000c                uwTickPrio
 .data.uwTickFreq
                0x0000000020000010        0x1 ./Drivers/STM32F1xx_HAL_Driver/Src/stm32f1xx_hal.o
                0x0000000020000010                uwTickFreq
 *(.RamFunc)
 *(.RamFunc*)
                0x0000000020000014                . = ALIGN (0x4)
 *fill*         0x0000000020000011        0x3 
                0x0000000020000014                _edata = .

.igot.plt       0x0000000020000014        0x0 load address 0x00000000080044dc
 .igot.plt      0x0000000020000014        0x0 c:/st/stm32cubeide_1.9.0/stm32cubeide/plugins/com.st.stm32cube.ide.mcu.externaltools.gnu-tools-for-stm32.10.3-2021.10.win32_1.0.0.202111181127/tools/bin/../lib/gcc/arm-none-eabi/10.3.1/thumb/v7-m/nofp/crtbegin.o
                0x0000000020000014                . = ALIGN (0x4)

.bss            0x0000000020000014       0x88 load address 0x00000000080044dc
                0x0000000020000014                _sbss = .
                0x0000000020000014                __bss_start__ = _sbss
 *(.bss)
 .bss           0x0000000020000014       0x1c c:/st/stm32cubeide_1.9.0/stm32cubeide/plugins/com.st.stm32cube.ide.mcu.externaltools.gnu-tools-for-stm32.10.3-2021.10.win32_1.0.0.202111181127/tools/bin/../lib/gcc/arm-none-eabi/10.3.1/thumb/v7-m/nofp/crtbegin.o
 *(.bss*)
 *(COMMON)
 COMMON         0x0000000020000030        0xe ./Core/Src/GFX_FUNCTIONS.o
                0x0000000020000030                _xstart
                0x0000000020000031                _colstart
                0x0000000020000032                cursor_y
                0x0000000020000034                _ystart
                0x0000000020000035                _rowstart
                0x0000000020000036                rotation
                0x0000000020000038                _width
                0x000000002000003a                cursor_x
                0x000000002000003c                _height
 *fill*         0x000000002000003e        0x2 
 COMMON         0x0000000020000040       0x58 ./Core/Src/main.o
                0x0000000020000040                hspi1
 COMMON         0x0000000020000098        0x4 ./Drivers/STM32F1xx_HAL_Driver/Src/stm32f1xx_hal.o
                0x0000000020000098                uwTick
                0x000000002000009c                . = ALIGN (0x4)
                0x000000002000009c                _ebss = .
                0x000000002000009c                __bss_end__ = _ebss

._user_heap_stack
                0x000000002000009c      0x604 load address 0x00000000080044dc
                0x00000000200000a0                . = ALIGN (0x8)
 *fill*         0x000000002000009c        0x4 
                [!provide]                        PROVIDE (end = .)
                0x00000000200000a0                PROVIDE (_end = .)
                0x00000000200002a0                . = (. + _Min_Heap_Size)
 *fill*         0x00000000200000a0      0x200 
                0x00000000200006a0                . = (. + _Min_Stack_Size)
 *fill*         0x00000000200002a0      0x400 
                0x00000000200006a0                . = ALIGN (0x8)

/DISCARD/
 libc.a(*)
 libm.a(*)
 libgcc.a(*)

.ARM.attributes
                0x0000000000000000       0x29
 *(.ARM.attributes)
 .ARM.attributes
                0x0000000000000000       0x1d c:/st/stm32cubeide_1.9.0/stm32cubeide/plugins/com.st.stm32cube.ide.mcu.externaltools.gnu-tools-for-stm32.10.3-2021.10.win32_1.0.0.202111181127/tools/bin/../lib/gcc/arm-none-eabi/10.3.1/thumb/v7-m/nofp/crti.o
 .ARM.attributes
                0x000000000000001d       0x2d c:/st/stm32cubeide_1.9.0/stm32cubeide/plugins/com.st.stm32cube.ide.mcu.externaltools.gnu-tools-for-stm32.10.3-2021.10.win32_1.0.0.202111181127/tools/bin/../lib/gcc/arm-none-eabi/10.3.1/thumb/v7-m/nofp/crtbegin.o
 .ARM.attributes
                0x000000000000004a       0x2d ./Core/Src/GFX_FUNCTIONS.o
 .ARM.attributes
                0x0000000000000077       0x2d ./Core/Src/ST7735.o
 .ARM.attributes
                0x00000000000000a4       0x2d ./Core/Src/fonts.o
 .ARM.attributes
                0x00000000000000d1       0x2d ./Core/Src/main.o
 .ARM.attributes
                0x00000000000000fe       0x2d ./Core/Src/stm32f1xx_hal_msp.o
 .ARM.attributes
                0x000000000000012b       0x2d ./Core/Src/stm32f1xx_it.o
 .ARM.attributes
                0x0000000000000158       0x2d ./Core/Src/system_stm32f1xx.o
 .ARM.attributes
                0x0000000000000185       0x21 ./Core/Startup/startup_stm32f103c8tx.o
 .ARM.attributes
                0x00000000000001a6       0x2d ./Drivers/STM32F1xx_HAL_Driver/Src/stm32f1xx_hal.o
 .ARM.attributes
                0x00000000000001d3       0x2d ./Drivers/STM32F1xx_HAL_Driver/Src/stm32f1xx_hal_cortex.o
 .ARM.attributes
                0x0000000000000200       0x2d ./Drivers/STM32F1xx_HAL_Driver/Src/stm32f1xx_hal_gpio.o
 .ARM.attributes
                0x000000000000022d       0x2d ./Drivers/STM32F1xx_HAL_Driver/Src/stm32f1xx_hal_rcc.o
 .ARM.attributes
                0x000000000000025a       0x2d ./Drivers/STM32F1xx_HAL_Driver/Src/stm32f1xx_hal_spi.o
 .ARM.attributes
                0x0000000000000287       0x2d c:/st/stm32cubeide_1.9.0/stm32cubeide/plugins/com.st.stm32cube.ide.mcu.externaltools.gnu-tools-for-stm32.10.3-2021.10.win32_1.0.0.202111181127/tools/bin/../lib/gcc/arm-none-eabi/10.3.1/../../../../arm-none-eabi/lib/thumb/v7-m/nofp\libc_nano.a(lib_a-init.o)
 .ARM.attributes
                0x00000000000002b4       0x2d c:/st/stm32cubeide_1.9.0/stm32cubeide/plugins/com.st.stm32cube.ide.mcu.externaltools.gnu-tools-for-stm32.10.3-2021.10.win32_1.0.0.202111181127/tools/bin/../lib/gcc/arm-none-eabi/10.3.1/../../../../arm-none-eabi/lib/thumb/v7-m/nofp\libc_nano.a(lib_a-memset.o)
 .ARM.attributes
                0x00000000000002e1       0x1d c:/st/stm32cubeide_1.9.0/stm32cubeide/plugins/com.st.stm32cube.ide.mcu.externaltools.gnu-tools-for-stm32.10.3-2021.10.win32_1.0.0.202111181127/tools/bin/../lib/gcc/arm-none-eabi/10.3.1/thumb/v7-m/nofp/crtn.o
OUTPUT(TFT.elf elf32-littlearm)
LOAD linker stubs
LOAD c:/st/stm32cubeide_1.9.0/stm32cubeide/plugins/com.st.stm32cube.ide.mcu.externaltools.gnu-tools-for-stm32.10.3-2021.10.win32_1.0.0.202111181127/tools/bin/../lib/gcc/arm-none-eabi/10.3.1/../../../../arm-none-eabi/lib/thumb/v7-m/nofp\libc.a
LOAD c:/st/stm32cubeide_1.9.0/stm32cubeide/plugins/com.st.stm32cube.ide.mcu.externaltools.gnu-tools-for-stm32.10.3-2021.10.win32_1.0.0.202111181127/tools/bin/../lib/gcc/arm-none-eabi/10.3.1/../../../../arm-none-eabi/lib/thumb/v7-m/nofp\libm.a
LOAD c:/st/stm32cubeide_1.9.0/stm32cubeide/plugins/com.st.stm32cube.ide.mcu.externaltools.gnu-tools-for-stm32.10.3-2021.10.win32_1.0.0.202111181127/tools/bin/../lib/gcc/arm-none-eabi/10.3.1/thumb/v7-m/nofp\libgcc.a

.debug_info     0x0000000000000000     0x6cea
 .debug_info    0x0000000000000000      0xfbf ./Core/Src/GFX_FUNCTIONS.o
 .debug_info    0x0000000000000fbf      0xcb5 ./Core/Src/ST7735.o
 .debug_info    0x0000000000001c74      0x1ae ./Core/Src/fonts.o
 .debug_info    0x0000000000001e22      0xba1 ./Core/Src/main.o
 .debug_info    0x00000000000029c3      0x885 ./Core/Src/stm32f1xx_hal_msp.o
 .debug_info    0x0000000000003248      0x122 ./Core/Src/stm32f1xx_it.o
 .debug_info    0x000000000000336a      0x23d ./Core/Src/system_stm32f1xx.o
 .debug_info    0x00000000000035a7       0x22 ./Core/Startup/startup_stm32f103c8tx.o
 .debug_info    0x00000000000035c9      0x734 ./Drivers/STM32F1xx_HAL_Driver/Src/stm32f1xx_hal.o
 .debug_info    0x0000000000003cfd      0xb20 ./Drivers/STM32F1xx_HAL_Driver/Src/stm32f1xx_hal_cortex.o
 .debug_info    0x000000000000481d      0x615 ./Drivers/STM32F1xx_HAL_Driver/Src/stm32f1xx_hal_gpio.o
 .debug_info    0x0000000000004e32      0x860 ./Drivers/STM32F1xx_HAL_Driver/Src/stm32f1xx_hal_rcc.o
 .debug_info    0x0000000000005692     0x1658 ./Drivers/STM32F1xx_HAL_Driver/Src/stm32f1xx_hal_spi.o

.debug_abbrev   0x0000000000000000     0x162f
 .debug_abbrev  0x0000000000000000      0x1a5 ./Core/Src/GFX_FUNCTIONS.o
 .debug_abbrev  0x00000000000001a5      0x25c ./Core/Src/ST7735.o
 .debug_abbrev  0x0000000000000401       0xad ./Core/Src/fonts.o
 .debug_abbrev  0x00000000000004ae      0x273 ./Core/Src/main.o
 .debug_abbrev  0x0000000000000721      0x194 ./Core/Src/stm32f1xx_hal_msp.o
 .debug_abbrev  0x00000000000008b5       0x74 ./Core/Src/stm32f1xx_it.o
 .debug_abbrev  0x0000000000000929      0x13b ./Core/Src/system_stm32f1xx.o
 .debug_abbrev  0x0000000000000a64       0x12 ./Core/Startup/startup_stm32f103c8tx.o
 .debug_abbrev  0x0000000000000a76      0x1fb ./Drivers/STM32F1xx_HAL_Driver/Src/stm32f1xx_hal.o
 .debug_abbrev  0x0000000000000c71      0x2ed ./Drivers/STM32F1xx_HAL_Driver/Src/stm32f1xx_hal_cortex.o
 .debug_abbrev  0x0000000000000f5e      0x1bb ./Drivers/STM32F1xx_HAL_Driver/Src/stm32f1xx_hal_gpio.o
 .debug_abbrev  0x0000000000001119      0x2a8 ./Drivers/STM32F1xx_HAL_Driver/Src/stm32f1xx_hal_rcc.o
 .debug_abbrev  0x00000000000013c1      0x26e ./Drivers/STM32F1xx_HAL_Driver/Src/stm32f1xx_hal_spi.o

.debug_aranges  0x0000000000000000      0x760
 .debug_aranges
                0x0000000000000000      0x100 ./Core/Src/GFX_FUNCTIONS.o
 .debug_aranges
                0x0000000000000100       0x90 ./Core/Src/ST7735.o
 .debug_aranges
                0x0000000000000190       0x18 ./Core/Src/fonts.o
 .debug_aranges
                0x00000000000001a8       0x40 ./Core/Src/main.o
 .debug_aranges
                0x00000000000001e8       0x30 ./Core/Src/stm32f1xx_hal_msp.o
 .debug_aranges
                0x0000000000000218       0x60 ./Core/Src/stm32f1xx_it.o
 .debug_aranges
                0x0000000000000278       0x28 ./Core/Src/system_stm32f1xx.o
 .debug_aranges
                0x00000000000002a0       0x28 ./Core/Startup/startup_stm32f103c8tx.o
 .debug_aranges
                0x00000000000002c8       0xe0 ./Drivers/STM32F1xx_HAL_Driver/Src/stm32f1xx_hal.o
 .debug_aranges
                0x00000000000003a8      0x100 ./Drivers/STM32F1xx_HAL_Driver/Src/stm32f1xx_hal_cortex.o
 .debug_aranges
                0x00000000000004a8       0x58 ./Drivers/STM32F1xx_HAL_Driver/Src/stm32f1xx_hal_gpio.o
 .debug_aranges
                0x0000000000000500       0x90 ./Drivers/STM32F1xx_HAL_Driver/Src/stm32f1xx_hal_rcc.o
 .debug_aranges
                0x0000000000000590      0x1d0 ./Drivers/STM32F1xx_HAL_Driver/Src/stm32f1xx_hal_spi.o

.debug_ranges   0x0000000000000000      0x690
 .debug_ranges  0x0000000000000000       0xf0 ./Core/Src/GFX_FUNCTIONS.o
 .debug_ranges  0x00000000000000f0       0x80 ./Core/Src/ST7735.o
 .debug_ranges  0x0000000000000170       0x30 ./Core/Src/main.o
 .debug_ranges  0x00000000000001a0       0x20 ./Core/Src/stm32f1xx_hal_msp.o
 .debug_ranges  0x00000000000001c0       0x50 ./Core/Src/stm32f1xx_it.o
 .debug_ranges  0x0000000000000210       0x18 ./Core/Src/system_stm32f1xx.o
 .debug_ranges  0x0000000000000228       0x20 ./Core/Startup/startup_stm32f103c8tx.o
 .debug_ranges  0x0000000000000248       0xd0 ./Drivers/STM32F1xx_HAL_Driver/Src/stm32f1xx_hal.o
 .debug_ranges  0x0000000000000318       0xf0 ./Drivers/STM32F1xx_HAL_Driver/Src/stm32f1xx_hal_cortex.o
 .debug_ranges  0x0000000000000408       0x48 ./Drivers/STM32F1xx_HAL_Driver/Src/stm32f1xx_hal_gpio.o
 .debug_ranges  0x0000000000000450       0x80 ./Drivers/STM32F1xx_HAL_Driver/Src/stm32f1xx_hal_rcc.o
 .debug_ranges  0x00000000000004d0      0x1c0 ./Drivers/STM32F1xx_HAL_Driver/Src/stm32f1xx_hal_spi.o

.debug_macro    0x0000000000000000    0x16a72
 .debug_macro   0x0000000000000000      0x288 ./Core/Src/GFX_FUNCTIONS.o
 .debug_macro   0x0000000000000288      0xa6c ./Core/Src/GFX_FUNCTIONS.o
 .debug_macro   0x0000000000000cf4       0x22 ./Core/Src/GFX_FUNCTIONS.o
 .debug_macro   0x0000000000000d16       0x8e ./Core/Src/GFX_FUNCTIONS.o
 .debug_macro   0x0000000000000da4       0x51 ./Core/Src/GFX_FUNCTIONS.o
 .debug_macro   0x0000000000000df5      0x103 ./Core/Src/GFX_FUNCTIONS.o
 .debug_macro   0x0000000000000ef8       0x6a ./Core/Src/GFX_FUNCTIONS.o
 .debug_macro   0x0000000000000f62      0x1df ./Core/Src/GFX_FUNCTIONS.o
 .debug_macro   0x0000000000001141      0x215 ./Core/Src/GFX_FUNCTIONS.o
 .debug_macro   0x0000000000001356       0x2e ./Core/Src/GFX_FUNCTIONS.o
 .debug_macro   0x0000000000001384       0x22 ./Core/Src/GFX_FUNCTIONS.o
 .debug_macro   0x00000000000013a6       0x1c ./Core/Src/GFX_FUNCTIONS.o
 .debug_macro   0x00000000000013c2       0x22 ./Core/Src/GFX_FUNCTIONS.o
 .debug_macro   0x00000000000013e4       0xbd ./Core/Src/GFX_FUNCTIONS.o
 .debug_macro   0x00000000000014a1      0xd23 ./Core/Src/GFX_FUNCTIONS.o
 .debug_macro   0x00000000000021c4     0xe09e ./Core/Src/GFX_FUNCTIONS.o
 .debug_macro   0x0000000000010262       0x6d ./Core/Src/GFX_FUNCTIONS.o
 .debug_macro   0x00000000000102cf     0x3468 ./Core/Src/GFX_FUNCTIONS.o
 .debug_macro   0x0000000000013737      0x174 ./Core/Src/GFX_FUNCTIONS.o
 .debug_macro   0x00000000000138ab       0x5c ./Core/Src/GFX_FUNCTIONS.o
 .debug_macro   0x0000000000013907      0x5be ./Core/Src/GFX_FUNCTIONS.o
 .debug_macro   0x0000000000013ec5      0x289 ./Core/Src/GFX_FUNCTIONS.o
 .debug_macro   0x000000000001414e      0x1cb ./Core/Src/GFX_FUNCTIONS.o
 .debug_macro   0x0000000000014319      0x114 ./Core/Src/GFX_FUNCTIONS.o
 .debug_macro   0x000000000001442d      0x1b2 ./Core/Src/GFX_FUNCTIONS.o
 .debug_macro   0x00000000000145df       0x27 ./Core/Src/GFX_FUNCTIONS.o
 .debug_macro   0x0000000000014606      0x136 ./Core/Src/GFX_FUNCTIONS.o
 .debug_macro   0x000000000001473c      0x1bc ./Core/Src/GFX_FUNCTIONS.o
 .debug_macro   0x00000000000148f8       0x34 ./Core/Src/GFX_FUNCTIONS.o
 .debug_macro   0x000000000001492c       0x3c ./Core/Src/GFX_FUNCTIONS.o
 .debug_macro   0x0000000000014968       0x57 ./Core/Src/GFX_FUNCTIONS.o
 .debug_macro   0x00000000000149bf       0x88 ./Core/Src/GFX_FUNCTIONS.o
 .debug_macro   0x0000000000014a47      0x241 ./Core/Src/GFX_FUNCTIONS.o
 .debug_macro   0x0000000000014c88      0x141 ./Core/Src/GFX_FUNCTIONS.o
 .debug_macro   0x0000000000014dc9      0x217 ./Core/Src/GFX_FUNCTIONS.o
 .debug_macro   0x0000000000014fe0       0x83 ./Core/Src/GFX_FUNCTIONS.o
 .debug_macro   0x0000000000015063       0x22 ./Core/Src/GFX_FUNCTIONS.o
 .debug_macro   0x0000000000015085      0x184 ./Core/Src/GFX_FUNCTIONS.o
 .debug_macro   0x0000000000015209       0x18 ./Core/Src/GFX_FUNCTIONS.o
 .debug_macro   0x0000000000015221       0x52 ./Core/Src/GFX_FUNCTIONS.o
 .debug_macro   0x0000000000015273       0x3c ./Core/Src/GFX_FUNCTIONS.o
 .debug_macro   0x00000000000152af       0x34 ./Core/Src/GFX_FUNCTIONS.o
 .debug_macro   0x00000000000152e3       0x16 ./Core/Src/GFX_FUNCTIONS.o
 .debug_macro   0x00000000000152f9       0x35 ./Core/Src/GFX_FUNCTIONS.o
 .debug_macro   0x000000000001532e       0x16 ./Core/Src/GFX_FUNCTIONS.o
 .debug_macro   0x0000000000015344       0x43 ./Core/Src/GFX_FUNCTIONS.o
 .debug_macro   0x0000000000015387       0x34 ./Core/Src/GFX_FUNCTIONS.o
 .debug_macro   0x00000000000153bb       0x10 ./Core/Src/GFX_FUNCTIONS.o
 .debug_macro   0x00000000000153cb       0x58 ./Core/Src/GFX_FUNCTIONS.o
 .debug_macro   0x0000000000015423       0x71 ./Core/Src/GFX_FUNCTIONS.o
 .debug_macro   0x0000000000015494       0x1c ./Core/Src/GFX_FUNCTIONS.o
 .debug_macro   0x00000000000154b0      0x12a ./Core/Src/GFX_FUNCTIONS.o
 .debug_macro   0x00000000000155da      0x341 ./Core/Src/GFX_FUNCTIONS.o
 .debug_macro   0x000000000001591b       0x16 ./Core/Src/GFX_FUNCTIONS.o
 .debug_macro   0x0000000000015931       0x29 ./Core/Src/GFX_FUNCTIONS.o
 .debug_macro   0x000000000001595a      0x1b0 ./Core/Src/ST7735.o
 .debug_macro   0x0000000000015b0a       0x6d ./Core/Src/fonts.o
 .debug_macro   0x0000000000015b77      0x1c4 ./Core/Src/main.o
 .debug_macro   0x0000000000015d3b      0x198 ./Core/Src/stm32f1xx_hal_msp.o
 .debug_macro   0x0000000000015ed3      0x1a2 ./Core/Src/stm32f1xx_it.o
 .debug_macro   0x0000000000016075      0x18e ./Core/Src/system_stm32f1xx.o
 .debug_macro   0x0000000000016203      0x1b2 ./Drivers/STM32F1xx_HAL_Driver/Src/stm32f1xx_hal.o
 .debug_macro   0x00000000000163b5      0x18e ./Drivers/STM32F1xx_HAL_Driver/Src/stm32f1xx_hal_cortex.o
 .debug_macro   0x0000000000016543      0x1f9 ./Drivers/STM32F1xx_HAL_Driver/Src/stm32f1xx_hal_gpio.o
 .debug_macro   0x000000000001673c      0x1a0 ./Drivers/STM32F1xx_HAL_Driver/Src/stm32f1xx_hal_rcc.o
 .debug_macro   0x00000000000168dc      0x196 ./Drivers/STM32F1xx_HAL_Driver/Src/stm32f1xx_hal_spi.o

.debug_line     0x0000000000000000     0x8395
 .debug_line    0x0000000000000000     0x141d ./Core/Src/GFX_FUNCTIONS.o
 .debug_line    0x000000000000141d      0xa41 ./Core/Src/ST7735.o
 .debug_line    0x0000000000001e5e      0x37b ./Core/Src/fonts.o
 .debug_line    0x00000000000021d9      0x763 ./Core/Src/main.o
 .debug_line    0x000000000000293c      0x685 ./Core/Src/stm32f1xx_hal_msp.o
 .debug_line    0x0000000000002fc1      0x6fe ./Core/Src/stm32f1xx_it.o
 .debug_line    0x00000000000036bf      0x6ba ./Core/Src/system_stm32f1xx.o
 .debug_line    0x0000000000003d79       0x87 ./Core/Startup/startup_stm32f103c8tx.o
 .debug_line    0x0000000000003e00      0x8e7 ./Drivers/STM32F1xx_HAL_Driver/Src/stm32f1xx_hal.o
 .debug_line    0x00000000000046e7      0xacf ./Drivers/STM32F1xx_HAL_Driver/Src/stm32f1xx_hal_cortex.o
 .debug_line    0x00000000000051b6      0x97e ./Drivers/STM32F1xx_HAL_Driver/Src/stm32f1xx_hal_gpio.o
 .debug_line    0x0000000000005b34      0xcf5 ./Drivers/STM32F1xx_HAL_Driver/Src/stm32f1xx_hal_rcc.o
 .debug_line    0x0000000000006829     0x1b6c ./Drivers/STM32F1xx_HAL_Driver/Src/stm32f1xx_hal_spi.o

.debug_str      0x0000000000000000    0x80eb7
 .debug_str     0x0000000000000000    0x7f181 ./Core/Src/GFX_FUNCTIONS.o
                                      0x7f4ec (size before relaxing)
 .debug_str     0x000000000007f181      0x572 ./Core/Src/ST7735.o
                                      0x7c9d3 (size before relaxing)
 .debug_str     0x000000000007f6f3       0x51 ./Core/Src/fonts.o
                                       0x3c3d (size before relaxing)
 .debug_str     0x000000000007f744      0x248 ./Core/Src/main.o
                                      0x7cabe (size before relaxing)
 .debug_str     0x000000000007f98c       0x91 ./Core/Src/stm32f1xx_hal_msp.o
                                      0x7c333 (size before relaxing)
 .debug_str     0x000000000007fa1d       0xc9 ./Core/Src/stm32f1xx_it.o
                                      0x7beed (size before relaxing)
 .debug_str     0x000000000007fae6       0x7e ./Core/Src/system_stm32f1xx.o
                                      0x7bf03 (size before relaxing)
 .debug_str     0x000000000007fb64       0x36 ./Core/Startup/startup_stm32f103c8tx.o
                                         0x6f (size before relaxing)
 .debug_str     0x000000000007fb9a      0x5fd ./Drivers/STM32F1xx_HAL_Driver/Src/stm32f1xx_hal.o
                                      0x7c636 (size before relaxing)
 .debug_str     0x0000000000080197      0x2b1 ./Drivers/STM32F1xx_HAL_Driver/Src/stm32f1xx_hal_cortex.o
                                      0x7c582 (size before relaxing)
 .debug_str     0x0000000000080448      0x2e6 ./Drivers/STM32F1xx_HAL_Driver/Src/stm32f1xx_hal_gpio.o
                                      0x7c289 (size before relaxing)
 .debug_str     0x000000000008072e      0x229 ./Drivers/STM32F1xx_HAL_Driver/Src/stm32f1xx_hal_rcc.o
                                      0x7c332 (size before relaxing)
 .debug_str     0x0000000000080957      0x560 ./Drivers/STM32F1xx_HAL_Driver/Src/stm32f1xx_hal_spi.o
                                      0x7c82f (size before relaxing)

.comment        0x0000000000000000       0x50
 .comment       0x0000000000000000       0x50 ./Core/Src/GFX_FUNCTIONS.o
                                         0x51 (size before relaxing)
 .comment       0x0000000000000050       0x51 ./Core/Src/ST7735.o
 .comment       0x0000000000000050       0x51 ./Core/Src/fonts.o
 .comment       0x0000000000000050       0x51 ./Core/Src/main.o
 .comment       0x0000000000000050       0x51 ./Core/Src/stm32f1xx_hal_msp.o
 .comment       0x0000000000000050       0x51 ./Core/Src/stm32f1xx_it.o
 .comment       0x0000000000000050       0x51 ./Core/Src/system_stm32f1xx.o
 .comment       0x0000000000000050       0x51 ./Drivers/STM32F1xx_HAL_Driver/Src/stm32f1xx_hal.o
 .comment       0x0000000000000050       0x51 ./Drivers/STM32F1xx_HAL_Driver/Src/stm32f1xx_hal_cortex.o
 .comment       0x0000000000000050       0x51 ./Drivers/STM32F1xx_HAL_Driver/Src/stm32f1xx_hal_gpio.o
 .comment       0x0000000000000050       0x51 ./Drivers/STM32F1xx_HAL_Driver/Src/stm32f1xx_hal_rcc.o
 .comment       0x0000000000000050       0x51 ./Drivers/STM32F1xx_HAL_Driver/Src/stm32f1xx_hal_spi.o

.debug_frame    0x0000000000000000     0x1c70
 .debug_frame   0x0000000000000000      0x478 ./Core/Src/GFX_FUNCTIONS.o
 .debug_frame   0x0000000000000478      0x23c ./Core/Src/ST7735.o
 .debug_frame   0x00000000000006b4       0xac ./Core/Src/main.o
 .debug_frame   0x0000000000000760       0x80 ./Core/Src/stm32f1xx_hal_msp.o
 .debug_frame   0x00000000000007e0      0x104 ./Core/Src/stm32f1xx_it.o
 .debug_frame   0x00000000000008e4       0x58 ./Core/Src/system_stm32f1xx.o
 .debug_frame   0x000000000000093c      0x334 ./Drivers/STM32F1xx_HAL_Driver/Src/stm32f1xx_hal.o
 .debug_frame   0x0000000000000c70      0x428 ./Drivers/STM32F1xx_HAL_Driver/Src/stm32f1xx_hal_cortex.o
 .debug_frame   0x0000000000001098      0x14c ./Drivers/STM32F1xx_HAL_Driver/Src/stm32f1xx_hal_gpio.o
 .debug_frame   0x00000000000011e4      0x21c ./Drivers/STM32F1xx_HAL_Driver/Src/stm32f1xx_hal_rcc.o
 .debug_frame   0x0000000000001400      0x824 ./Drivers/STM32F1xx_HAL_Driver/Src/stm32f1xx_hal_spi.o
 .debug_frame   0x0000000000001c24       0x2c c:/st/stm32cubeide_1.9.0/stm32cubeide/plugins/com.st.stm32cube.ide.mcu.externaltools.gnu-tools-for-stm32.10.3-2021.10.win32_1.0.0.202111181127/tools/bin/../lib/gcc/arm-none-eabi/10.3.1/../../../../arm-none-eabi/lib/thumb/v7-m/nofp\libc_nano.a(lib_a-init.o)
 .debug_frame   0x0000000000001c50       0x20 c:/st/stm32cubeide_1.9.0/stm32cubeide/plugins/com.st.stm32cube.ide.mcu.externaltools.gnu-tools-for-stm32.10.3-2021.10.win32_1.0.0.202111181127/tools/bin/../lib/gcc/arm-none-eabi/10.3.1/../../../../arm-none-eabi/lib/thumb/v7-m/nofp\libc_nano.a(lib_a-memset.o)
