19:38:34 **** Incremental Build of configuration Debug for project COMPOSTARIO ****
make -j4 all 
arm-none-eabi-gcc "../Core/Src/main.c" -mcpu=cortex-m3 -std=gnu11 -g3 -DDEBUG -DUSE_HAL_DRIVER -DSTM32F103xB -c -I../Core/Inc -I../Drivers/STM32F1xx_HAL_Driver/Inc -I../Drivers/STM32F1xx_HAL_Driver/Inc/Legacy -I../Drivers/CMSIS/Device/ST/STM32F1xx/Include -I../Drivers/CMSIS/Include -O0 -ffunction-sections -fdata-sections -Wall -fstack-usage -MMD -MP -MF"Core/Src/main.d" -MT"Core/Src/main.o" --specs=nano.specs -mfloat-abi=soft -mthumb -o "Core/Src/main.o"
../Core/Src/main.c: In function 'MX_ADC1_Init':
../Core/Src/main.c:331:26: warning: unused variable 'sConfig' [-Wunused-variable]
  331 |   ADC_ChannelConfTypeDef sConfig = {0};
      |                          ^~~~~~~
arm-none-eabi-gcc -o "COMPOSTARIO.elf" @"objects.list"   -mcpu=cortex-m3 -T"C:\Users\Ezequiel\STM32CubeIDE\workspace_1.9.0\COMPOSTARIO\STM32F103C8TX_FLASH.ld" --specs=nosys.specs -Wl,-Map="COMPOSTARIO.map" -Wl,--gc-sections -static -u _printf_float --specs=nano.specs -mfloat-abi=soft -mthumb -Wl,--start-group -lc -lm -Wl,--end-group
Finished building target: COMPOSTARIO.elf
 
arm-none-eabi-size   COMPOSTARIO.elf 
arm-none-eabi-objdump -h -S  COMPOSTARIO.elf  > "COMPOSTARIO.list"
   text	   data	    bss	    dec	    hex	filename
  28304	    500	   1924	  30728	   7808	COMPOSTARIO.elf
Finished building: default.size.stdout
 
Finished building: COMPOSTARIO.list
 

19:38:35 Build Finished. 0 errors, 1 warnings. (took 1s.487ms)

