15:59:18 **** Incremental Build of configuration Debug for project ESP ****
make -j4 all 
arm-none-eabi-gcc "../Core/Src/main.c" -mcpu=cortex-m3 -std=gnu11 -g3 -DDEBUG -DUSE_HAL_DRIVER -DSTM32F103xB -c -I../Core/Inc -I../Drivers/STM32F1xx_HAL_Driver/Inc -I../Drivers/STM32F1xx_HAL_Driver/Inc/Legacy -I../Drivers/CMSIS/Device/ST/STM32F1xx/Include -I../Drivers/CMSIS/Include -O0 -ffunction-sections -fdata-sections -Wall -fstack-usage -MMD -MP -MF"Core/Src/main.d" -MT"Core/Src/main.o" --specs=nano.specs -mfloat-abi=soft -mthumb -o "Core/Src/main.o"
arm-none-eabi-gcc -o "ESP.elf" @"objects.list"   -mcpu=cortex-m3 -T"C:\Users\Ezequiel\STM32CubeIDE\workspace_1.9.0\ESP\STM32F103C8TX_FLASH.ld" --specs=nosys.specs -Wl,-Map="ESP.map" -Wl,--gc-sections -static --specs=nano.specs -mfloat-abi=soft -mthumb -Wl,--start-group -lc -lm -Wl,--end-group
Finished building target: ESP.elf
 
arm-none-eabi-size   ESP.elf 
arm-none-eabi-objdump -h -S  ESP.elf  > "ESP.list"
   text	   data	    bss	    dec	    hex	filename
   7668	     24	   1712	   9404	   24bc	ESP.elf
Finished building: default.size.stdout
 
Finished building: ESP.list
 

15:59:19 Build Finished. 0 errors, 0 warnings. (took 1s.683ms)

