18:53:35 **** Incremental Build of configuration Debug for project TFT ****
make -j4 all 
arm-none-eabi-gcc "../Core/Src/main.c" -mcpu=cortex-m3 -std=gnu11 -g3 -DDEBUG -DUSE_HAL_DRIVER -DSTM32F103xB -c -I../Core/Inc -I../Drivers/STM32F1xx_HAL_Driver/Inc -I../Drivers/STM32F1xx_HAL_Driver/Inc/Legacy -I../Drivers/CMSIS/Device/ST/STM32F1xx/Include -I../Drivers/CMSIS/Include -O0 -ffunction-sections -fdata-sections -Wall -fcommon -fstack-usage -MMD -MP -MF"Core/Src/main.d" -MT"Core/Src/main.o" --specs=nano.specs -mfloat-abi=soft -mthumb -o "Core/Src/main.o"
arm-none-eabi-gcc -o "TFT.elf" @"objects.list"   -mcpu=cortex-m3 -T"C:\Users\Ezequiel\STM32CubeIDE\workspace_1.9.0\TFT\STM32F103C8TX_FLASH.ld" --specs=nosys.specs -Wl,-Map="TFT.map" -Wl,--gc-sections -static --specs=nano.specs -mfloat-abi=soft -mthumb -Wl,--start-group -lc -lm -Wl,--end-group
Finished building target: TFT.elf
 
arm-none-eabi-size   TFT.elf 
arm-none-eabi-objdump -h -S  TFT.elf  > "TFT.list"
   text	   data	    bss	    dec	    hex	filename
  17600	     28	   1676	  19304	   4b68	TFT.elf
Finished building: default.size.stdout
 
Finished building: TFT.list
 

18:53:37 Build Finished. 0 errors, 0 warnings. (took 1s.685ms)

